{
	"start":	{
		"connected":	[{
				"socket":	5,
				"local_host":	"100.64.0.2",
				"local_port":	59720,
				"remote_host":	"10.120.8.116",
				"remote_port":	5201
			}],
		"version":	"iperf 3.1.3",
		"system_info":	"Linux lorenzo-nrg 5.4.232 #2 SMP Thu Feb 23 21:13:11 CST 2023 x86_64",
		"timestamp":	{
			"time":	"Thu, 23 Mar 2023 23:38:54 GMT",
			"timesecs":	1679614734
		},
		"connecting_to":	{
			"host":	"10.120.8.116",
			"port":	5201
		},
		"cookie":	"lorenzo-nrg.1679614733.222863.07dfd8",
		"tcp_mss_default":	1448,
		"test_start":	{
			"protocol":	"TCP",
			"num_streams":	1,
			"blksize":	131072,
			"omit":	0,
			"duration":	60,
			"bytes":	0,
			"blocks":	0,
			"reverse":	0
		}
	},
	"intervals":	[{
			"streams":	[{
					"socket":	5,
					"start":	0,
					"end":	1.000597,
					"seconds":	1.000597,
					"bytes":	314216,
					"bits_per_second":	2512228.199458,
					"retransmits":	0,
					"snd_cwnd":	70952,
					"rtt":	430703,
					"omitted":	false
				}],
			"sum":	{
				"start":	0,
				"end":	1.000597,
				"seconds":	1.000597,
				"bytes":	314216,
				"bits_per_second":	2512228.199458,
				"retransmits":	0,
				"omitted":	false
			}
		}, {
			"streams":	[{
					"socket":	5,
					"start":	1.000597,
					"end":	2.000224,
					"seconds":	0.999627,
					"bytes":	118736,
					"bits_per_second":	950242.332687,
					"retransmits":	0,
					"snd_cwnd":	78192,
					"rtt":	525546,
					"omitted":	false
				}],
			"sum":	{
				"start":	1.000597,
				"end":	2.000224,
				"seconds":	0.999627,
				"bytes":	118736,
				"bits_per_second":	950242.332687,
				"retransmits":	0,
				"omitted":	false
			}
		}, {
			"streams":	[{
					"socket":	5,
					"start":	2.000224,
					"end":	3.000392,
					"seconds":	1.000168,
					"bytes":	183896,
					"bits_per_second":	1470921.110775,
					"retransmits":	0,
					"snd_cwnd":	83984,
					"rtt":	614173,
					"omitted":	false
				}],
			"sum":	{
				"start":	2.000224,
				"end":	3.000392,
				"seconds":	1.000168,
				"bytes":	183896,
				"bits_per_second":	1470921.110775,
				"retransmits":	0,
				"omitted":	false
			}
		}, {
			"streams":	[{
					"socket":	5,
					"start":	3.000392,
					"end":	3.815654,
					"seconds":	0.815262,
					"bytes":	0,
					"bits_per_second":	0,
					"retransmits":	0,
					"snd_cwnd":	89776,
					"rtt":	608078,
					"omitted":	false
				}],
			"sum":	{
				"start":	3.000392,
				"end":	3.815654,
				"seconds":	0.815262,
				"bytes":	0,
				"bits_per_second":	0,
				"retransmits":	0,
				"omitted":	false
			}
		}],
	"end":	{
		"streams":	[{
				"sender":	{
					"socket":	5,
					"start":	0,
					"end":	3.815654,
					"seconds":	3.815654,
					"bytes":	616848,
					"bits_per_second":	1293299.641180,
					"retransmits":	0,
					"max_snd_cwnd":	89776,
					"max_rtt":	614173,
					"min_rtt":	430703,
					"mean_rtt":	544625
				},
				"receiver":	{
					"socket":	5,
					"start":	0,
					"end":	3.815654,
					"seconds":	3.815654,
					"bytes":	0,
					"bits_per_second":	0
				}
			}],
		"sum_sent":	{
			"start":	0,
			"end":	3.815654,
			"seconds":	3.815654,
			"bytes":	616848,
			"bits_per_second":	1293299.641180,
			"retransmits":	0
		},
		"sum_received":	{
			"start":	0,
			"end":	3.815654,
			"seconds":	3.815654,
			"bytes":	0,
			"bits_per_second":	0
		},
		"cpu_utilization_percent":	{
			"host_total":	0.538002,
			"host_user":	0.303837,
			"host_system":	0.234263,
			"remote_total":	0,
			"remote_user":	0,
			"remote_system":	0
		}
	},
	"error":	"interrupt - the client has terminated"
}
{
	"start":	{
		"connected":	[{
				"socket":	5,
				"local_host":	"100.64.0.2",
				"local_port":	59738,
				"remote_host":	"10.120.8.116",
				"remote_port":	5201
			}],
		"version":	"iperf 3.1.3",
		"system_info":	"Linux lorenzo-nrg 5.4.232 #2 SMP Thu Feb 23 21:13:11 CST 2023 x86_64",
		"timestamp":	{
			"time":	"Thu, 23 Mar 2023 23:38:59 GMT",
			"timesecs":	1679614739
		},
		"connecting_to":	{
			"host":	"10.120.8.116",
			"port":	5201
		},
		"cookie":	"lorenzo-nrg.1679614738.278807.78dded",
		"tcp_mss_default":	1448,
		"test_start":	{
			"protocol":	"TCP",
			"num_streams":	1,
			"blksize":	131072,
			"omit":	0,
			"duration":	60,
			"bytes":	0,
			"blocks":	0,
			"reverse":	0
		}
	},
	"intervals":	[{
			"streams":	[{
					"socket":	5,
					"start":	0,
					"end":	0.803271,
					"seconds":	0.803271,
					"bytes":	186792,
					"bits_per_second":	1860313.514705,
					"retransmits":	0,
					"snd_cwnd":	46336,
					"rtt":	289116,
					"omitted":	false
				}],
			"sum":	{
				"start":	0,
				"end":	0.803271,
				"seconds":	0.803271,
				"bytes":	186792,
				"bits_per_second":	1860313.514705,
				"retransmits":	0,
				"omitted":	false
			}
		}],
	"end":	{
		"streams":	[{
				"sender":	{
					"socket":	5,
					"start":	0,
					"end":	0.803271,
					"seconds":	0.803271,
					"bytes":	186792,
					"bits_per_second":	1860313.514705,
					"retransmits":	0,
					"max_snd_cwnd":	46336,
					"max_rtt":	289116,
					"min_rtt":	289116,
					"mean_rtt":	289116
				},
				"receiver":	{
					"socket":	5,
					"start":	0,
					"end":	0.803271,
					"seconds":	0.803271,
					"bytes":	0,
					"bits_per_second":	0
				}
			}],
		"sum_sent":	{
			"start":	0,
			"end":	0.803271,
			"seconds":	0.803271,
			"bytes":	186792,
			"bits_per_second":	1860313.514705,
			"retransmits":	0
		},
		"sum_received":	{
			"start":	0,
			"end":	0.803271,
			"seconds":	0.803271,
			"bytes":	0,
			"bits_per_second":	0
		},
		"cpu_utilization_percent":	{
			"host_total":	1.968376,
			"host_user":	0.397953,
			"host_system":	1.570610,
			"remote_total":	0,
			"remote_user":	0,
			"remote_system":	0
		}
	},
	"error":	"interrupt - the client has terminated"
}
{
	"start":	{
		"connected":	[{
				"socket":	5,
				"local_host":	"100.64.0.2",
				"local_port":	36776,
				"remote_host":	"10.120.8.116",
				"remote_port":	5201
			}],
		"version":	"iperf 3.1.3",
		"system_info":	"Linux lorenzo-nrg 5.4.232 #2 SMP Thu Feb 23 21:13:11 CST 2023 x86_64",
		"timestamp":	{
			"time":	"Thu, 30 Mar 2023 21:18:32 GMT",
			"timesecs":	1680211112
		},
		"connecting_to":	{
			"host":	"10.120.8.116",
			"port":	5201
		},
		"cookie":	"lorenzo-nrg.1680211111.158365.7e3fcd",
		"tcp_mss_default":	1448,
		"test_start":	{
			"protocol":	"TCP",
			"num_streams":	1,
			"blksize":	131072,
			"omit":	0,
			"duration":	10,
			"bytes":	0,
			"blocks":	0,
			"reverse":	0
		}
	},
	"intervals":	[{
			"streams":	[{
					"socket":	5,
					"start":	0,
					"end":	1.000290,
					"seconds":	1.000290,
					"bytes":	370688,
					"bits_per_second":	2964643.792563,
					"retransmits":	0,
					"snd_cwnd":	39096,
					"rtt":	271200,
					"omitted":	false
				}],
			"sum":	{
				"start":	0,
				"end":	1.000290,
				"seconds":	1.000290,
				"bytes":	370688,
				"bits_per_second":	2964643.792563,
				"retransmits":	0,
				"omitted":	false
			}
		}, {
			"streams":	[{
					"socket":	5,
					"start":	1.000290,
					"end":	2.000318,
					"seconds":	1.000028,
					"bytes":	195480,
					"bits_per_second":	1563796.377941,
					"retransmits":	0,
					"snd_cwnd":	46336,
					"rtt":	297931,
					"omitted":	false
				}],
			"sum":	{
				"start":	1.000290,
				"end":	2.000318,
				"seconds":	1.000028,
				"bytes":	195480,
				"bits_per_second":	1563796.377941,
				"retransmits":	0,
				"omitted":	false
			}
		}, {
			"streams":	[{
					"socket":	5,
					"start":	2.000318,
					"end":	3.001101,
					"seconds":	1.000783,
					"bytes":	130320,
					"bits_per_second":	1041744.348955,
					"retransmits":	0,
					"snd_cwnd":	52128,
					"rtt":	367848,
					"omitted":	false
				}],
			"sum":	{
				"start":	2.000318,
				"end":	3.001101,
				"seconds":	1.000783,
				"bytes":	130320,
				"bits_per_second":	1041744.348955,
				"retransmits":	0,
				"omitted":	false
			}
		}, {
			"streams":	[{
					"socket":	5,
					"start":	3.001101,
					"end":	4.000302,
					"seconds":	0.999201,
					"bytes":	195480,
					"bits_per_second":	1565090.414366,
					"retransmits":	0,
					"snd_cwnd":	60816,
					"rtt":	400906,
					"omitted":	false
				}],
			"sum":	{
				"start":	3.001101,
				"end":	4.000302,
				"seconds":	0.999201,
				"bytes":	195480,
				"bits_per_second":	1565090.414366,
				"retransmits":	0,
				"omitted":	false
			}
		}, {
			"streams":	[{
					"socket":	5,
					"start":	4.000302,
					"end":	5.000162,
					"seconds":	0.999860,
					"bytes":	260640,
					"bits_per_second":	2085411.856947,
					"retransmits":	0,
					"snd_cwnd":	83984,
					"rtt":	488478,
					"omitted":	false
				}],
			"sum":	{
				"start":	4.000302,
				"end":	5.000162,
				"seconds":	0.999860,
				"bytes":	260640,
				"bits_per_second":	2085411.856947,
				"retransmits":	0,
				"omitted":	false
			}
		}, {
			"streams":	[{
					"socket":	5,
					"start":	5.000162,
					"end":	6.000266,
					"seconds":	1.000104,
					"bytes":	325800,
					"bits_per_second":	2606129.091577,
					"retransmits":	0,
					"snd_cwnd":	117288,
					"rtt":	669067,
					"omitted":	false
				}],
			"sum":	{
				"start":	5.000162,
				"end":	6.000266,
				"seconds":	1.000104,
				"bytes":	325800,
				"bits_per_second":	2606129.091577,
				"retransmits":	0,
				"omitted":	false
			}
		}, {
			"streams":	[{
					"socket":	5,
					"start":	6.000266,
					"end":	7.000176,
					"seconds":	0.999910,
					"bytes":	390960,
					"bits_per_second":	3127961.898879,
					"retransmits":	0,
					"snd_cwnd":	163624,
					"rtt":	879970,
					"omitted":	false
				}],
			"sum":	{
				"start":	6.000266,
				"end":	7.000176,
				"seconds":	0.999910,
				"bytes":	390960,
				"bits_per_second":	3127961.898879,
				"retransmits":	0,
				"omitted":	false
			}
		}, {
			"streams":	[{
					"socket":	5,
					"start":	7.000176,
					"end":	8.001437,
					"seconds":	1.001261,
					"bytes":	456120,
					"bits_per_second":	3644363.603682,
					"retransmits":	0,
					"snd_cwnd":	227336,
					"rtt":	1076905,
					"omitted":	false
				}],
			"sum":	{
				"start":	7.000176,
				"end":	8.001437,
				"seconds":	1.001261,
				"bytes":	456120,
				"bits_per_second":	3644363.603682,
				"retransmits":	0,
				"omitted":	false
			}
		}, {
			"streams":	[{
					"socket":	5,
					"start":	8.001437,
					"end":	9.001265,
					"seconds":	0.999828,
					"bytes":	521280,
					"bits_per_second":	4170957.981258,
					"retransmits":	0,
					"snd_cwnd":	299736,
					"rtt":	1395794,
					"omitted":	false
				}],
			"sum":	{
				"start":	8.001437,
				"end":	9.001265,
				"seconds":	0.999828,
				"bytes":	521280,
				"bits_per_second":	4170957.981258,
				"retransmits":	0,
				"omitted":	false
			}
		}, {
			"streams":	[{
					"socket":	5,
					"start":	9.001265,
					"end":	10.001807,
					"seconds":	1.000542,
					"bytes":	521280,
					"bits_per_second":	4167981.264960,
					"retransmits":	0,
					"snd_cwnd":	366344,
					"rtt":	1736733,
					"omitted":	false
				}],
			"sum":	{
				"start":	9.001265,
				"end":	10.001807,
				"seconds":	1.000542,
				"bytes":	521280,
				"bits_per_second":	4167981.264960,
				"retransmits":	0,
				"omitted":	false
			}
		}],
	"end":	{
		"streams":	[{
				"sender":	{
					"socket":	5,
					"start":	0,
					"end":	10.001807,
					"seconds":	10.001807,
					"bytes":	3368048,
					"bits_per_second":	2693951.609838,
					"retransmits":	0,
					"max_snd_cwnd":	366344,
					"max_rtt":	1736733,
					"min_rtt":	271200,
					"mean_rtt":	758483
				},
				"receiver":	{
					"socket":	5,
					"start":	0,
					"end":	10.001807,
					"seconds":	10.001807,
					"bytes":	1705744,
					"bits_per_second":	1364348.665687
				}
			}],
		"sum_sent":	{
			"start":	0,
			"end":	10.001807,
			"seconds":	10.001807,
			"bytes":	3368048,
			"bits_per_second":	2693951.609838,
			"retransmits":	0
		},
		"sum_received":	{
			"start":	0,
			"end":	10.001807,
			"seconds":	10.001807,
			"bytes":	1705744,
			"bits_per_second":	1364348.665687
		},
		"cpu_utilization_percent":	{
			"host_total":	0.242070,
			"host_user":	0.129892,
			"host_system":	0.112188,
			"remote_total":	0.339875,
			"remote_user":	0.082219,
			"remote_system":	0.257656
		}
	}
}
{
	"start":	{
		"connected":	[],
		"version":	"iperf 3.1.3",
		"system_info":	"Linux lorenzo-nrg 5.4.232 #2 SMP Thu Feb 23 21:13:11 CST 2023 x86_64"
	},
	"intervals":	[],
	"end":	{
	},
	"error":	"error - the server is busy running a test. try again later"
}
{
	"start":	{
		"connected":	[],
		"version":	"iperf 3.1.3",
		"system_info":	"Linux lorenzo-nrg 5.4.232 #2 SMP Thu Feb 23 21:13:11 CST 2023 x86_64"
	},
	"intervals":	[],
	"end":	{
	},
	"error":	"error - the server is busy running a test. try again later"
}
{
	"start":	{
		"connected":	[],
		"version":	"iperf 3.1.3",
		"system_info":	"Linux lorenzo-nrg 5.4.232 #2 SMP Thu Feb 23 21:13:11 CST 2023 x86_64"
	},
	"intervals":	[],
	"end":	{
	},
	"error":	"error - the server is busy running a test. try again later"
}
{
	"start":	{
		"connected":	[],
		"version":	"iperf 3.1.3",
		"system_info":	"Linux lorenzo-nrg 5.4.232 #2 SMP Thu Feb 23 21:13:11 CST 2023 x86_64"
	},
	"intervals":	[],
	"end":	{
	},
	"error":	"error - the server is busy running a test. try again later"
}
